[dotenv@17.2.4] injecting env (12) from .env -- tip: ≡ƒôí add observability to secrets: https://dotenvx.com/ops
Testing model: gemini-1.5-flash...
node : Γ¥î Error with gemini-1.5-flash: 
[GoogleGenerativeAI Error]: Error fetching from https://gen
erativelanguage.googleapis.com/v1beta/models/gemini-1.5-fla
sh:generateContent: [404 Not Found] 
models/gemini-1.5-flash is not found for API version 
v1beta, or is not supported for generateContent. Call 
ListModels to see the list of available models and their 
supported methods.
At line:1 char:1
+ node test-ai.js > test_output.txt 2>&1
+ ~~~~~~~~~~~~~~~~~~~~~~~~~~~~~~~~~~~~~~
    + CategoryInfo          : NotSpecified: (Γ¥î Error wit 
   h ...ported methods.:String) [], RemoteException
    + FullyQualifiedErrorId : NativeCommandError
 
Testing model: gemini-1.5-pro...
Γ¥î Error with gemini-1.5-pro: [GoogleGenerativeAI Error]: 
Error fetching from https://generativelanguage.googleapis.c
om/v1beta/models/gemini-1.5-pro:generateContent: [404 Not 
Found] models/gemini-1.5-pro is not found for API version 
v1beta, or is not supported for generateContent. Call 
ListModels to see the list of available models and their 
supported methods.
Testing model: gemini-pro...
Γ¥î Error with gemini-pro: [GoogleGenerativeAI Error]: 
Error fetching from https://generativelanguage.googleapis.c
om/v1beta/models/gemini-pro:generateContent: [404 Not 
Found] models/gemini-pro is not found for API version 
v1beta, or is not supported for generateContent. Call 
ListModels to see the list of available models and their 
supported methods.
Testing model: models/gemini-1.5-flash...
Γ¥î Error with models/gemini-1.5-flash: 
[GoogleGenerativeAI Error]: Error fetching from https://gen
erativelanguage.googleapis.com/v1beta/models/gemini-1.5-fla
sh:generateContent: [404 Not Found] 
models/gemini-1.5-flash is not found for API version 
v1beta, or is not supported for generateContent. Call 
ListModels to see the list of available models and their 
supported methods.
Testing model: models/gemini-pro...
Γ¥î Error with models/gemini-pro: [GoogleGenerativeAI 
Error]: Error fetching from https://generativelanguage.goog
leapis.com/v1beta/models/gemini-pro:generateContent: [404 
Not Found] models/gemini-pro is not found for API version 
v1beta, or is not supported for generateContent. Call 
ListModels to see the list of available models and their 
supported methods.
